{"timestamp":"2026-10-02T02:42:41.224909Z","level":"INFO","fields":{"message":"watching","path":"/Users/zoli/Insync/z.varallyay@gmail.com/Google Drive/Work/My Softwares/APlot"},"target":"gfp::serve::tasks::file_watcher"}
{"timestamp":"2026-10-02T02:42:41.225068Z","level":"INFO","fields":{"message":"nyanlib scheduler started","path":"/Users/zoli/Insync/z.varallyay@gmail.com/Google Drive/Work/My Softwares/APlot/build/models.nyanlib"},"target":"gfp::serve::tasks::nyanlib"}
{"timestamp":"2026-10-02T02:42:41.225094Z","level":"INFO","fields":{"message":"nyanlib scheduler stage","stage":"WaitingForIndex"},"target":"gfp::serve::tasks::nyanlib"}
{"timestamp":"2026-10-02T02:42:47.424755Z","level":"INFO","fields":{"message":"indexed files","count":1},"target":"gfp::factory::indexing::indexer"}
{"timestamp":"2026-10-02T02:42:47.427930Z","level":"INFO","fields":{"message":"prepared completed-index PDK runtime specs","pdk_count":0,"dschematic_pdk_count":0,"elapsed_ms":1},"target":"gfp::serve::tasks::indexer_bridge"}
{"timestamp":"2026-10-02T02:42:47.427977Z","level":"INFO","fields":{"message":"nyanlib scheduler stage","stage":"Dschematic"},"target":"gfp::serve::tasks::nyanlib"}
{"timestamp":"2026-10-02T02:42:47.427994Z","level":"INFO","fields":{"message":"bulk dschematic pass complete","pdk_count":0,"elapsed_ms":0},"target":"gfp::serve::tasks::nyanlib"}
{"timestamp":"2026-10-02T02:42:47.428004Z","level":"INFO","fields":{"message":"nyanlib scheduler stage","stage":"Finished"},"target":"gfp::serve::tasks::nyanlib"}
{"timestamp":"2026-10-02T02:42:47.428042Z","level":"INFO","fields":{"message":"nyanlib generated","path":"/Users/zoli/Insync/z.varallyay@gmail.com/Google Drive/Work/My Softwares/APlot/build/models.nyanlib"},"target":"gfp::serve::tasks::nyanlib"}
{"timestamp":"2026-10-02T02:42:51.226326Z","level":"INFO","fields":{"message":"identity verification result","api_host":"https://api.gdsfactory.com/","phase":"verify_api_key","status":"offline"},"target":"gfp::identity::service"}
{"timestamp":"2026-10-03T10:51:03.588694Z","level":"INFO","fields":{"message":"watcher changed","module":"aplot"},"target":"gfp::serve::tasks::file_watcher"}
{"timestamp":"2026-10-03T10:51:03.591474Z","level":"INFO","fields":{"message":"watcher changed","module":"aplot"},"target":"gfp::serve::tasks::file_watcher"}
{"timestamp":"2026-10-03T10:51:22.177426Z","level":"INFO","fields":{"message":"apply_changes complete","n_changes":0},"target":"gfp::factory::indexing::incremental","span":{"n_events":2,"name":"apply_changes"},"spans":[{"n_events":2,"name":"apply_changes"}]}
{"timestamp":"2026-10-03T10:51:22.183772Z","level":"WARN","fields":{"message":"unresolved invalidation module","module":"aplot"},"target":"gfp::factory::build"}
{"timestamp":"2026-10-03T10:51:22.185292Z","level":"DEBUG","fields":{"message":"enqueue_all received requests","n":0},"target":"gfp::factory::build"}
{"timestamp":"2026-10-03T10:51:22.203865Z","level":"INFO","fields":{"message":"watcher changed","module":"aplot"},"target":"gfp::serve::tasks::file_watcher"}
{"timestamp":"2026-10-03T10:51:28.144306Z","level":"INFO","fields":{"message":"apply_changes complete","n_changes":0},"target":"gfp::factory::indexing::incremental","span":{"n_events":1,"name":"apply_changes"},"spans":[{"n_events":1,"name":"apply_changes"}]}
{"timestamp":"2026-10-03T10:51:28.148589Z","level":"WARN","fields":{"message":"unresolved invalidation module","module":"aplot"},"target":"gfp::factory::build"}
{"timestamp":"2026-10-03T10:51:28.148630Z","level":"DEBUG","fields":{"message":"enqueue_all received requests","n":0},"target":"gfp::factory::build"}
{"timestamp":"2026-10-03T10:51:28.150246Z","level":"INFO","fields":{"message":"watcher changed","module":"aplot"},"target":"gfp::serve::tasks::file_watcher"}
{"timestamp":"2026-10-03T10:51:34.144944Z","level":"INFO","fields":{"message":"apply_changes complete","n_changes":0},"target":"gfp::factory::indexing::incremental","span":{"n_events":1,"name":"apply_changes"},"spans":[{"n_events":1,"name":"apply_changes"}]}
{"timestamp":"2026-10-03T10:51:34.150155Z","level":"WARN","fields":{"message":"unresolved invalidation module","module":"aplot"},"target":"gfp::factory::build"}
{"timestamp":"2026-10-03T10:51:34.150221Z","level":"DEBUG","fields":{"message":"enqueue_all received requests","n":0},"target":"gfp::factory::build"}
{"timestamp":"2026-10-03T11:02:49.336677Z","level":"DEBUG","fields":{"message":"settings watcher: debounced events","count":2},"target":"gfp::identity::watcher"}
{"timestamp":"2026-10-03T11:02:49.943223Z","level":"INFO","fields":{"message":"identity verification result","api_host":"https://api.gdsfactory.com/","phase":"verify_api_key","status":"verified","pdk_count":10,"pdk_info_count":10,"org_role":"Some(User)","features_projects":true,"features_hub":false,"features_drc":true,"features_llm":true,"features_simulation":true},"target":"gfp::identity::service"}
{"timestamp":"2026-10-03T12:49:09.085194Z","level":"INFO","fields":{"message":"watcher changed","module":"aplot"},"target":"gfp::serve::tasks::file_watcher"}
{"timestamp":"2026-10-03T12:49:09.088517Z","level":"INFO","fields":{"message":"watcher changed","module":"aplot"},"target":"gfp::serve::tasks::file_watcher"}
{"timestamp":"2026-10-03T12:49:47.161852Z","level":"INFO","fields":{"message":"apply_changes complete","n_changes":0},"target":"gfp::factory::indexing::incremental","span":{"n_events":2,"name":"apply_changes"},"spans":[{"n_events":2,"name":"apply_changes"}]}
{"timestamp":"2026-10-03T12:49:47.169685Z","level":"WARN","fields":{"message":"unresolved invalidation module","module":"aplot"},"target":"gfp::factory::build"}
{"timestamp":"2026-10-03T12:49:47.171115Z","level":"DEBUG","fields":{"message":"enqueue_all received requests","n":0},"target":"gfp::factory::build"}
{"timestamp":"2026-10-03T12:49:47.178516Z","level":"INFO","fields":{"message":"watcher changed","module":"aplot"},"target":"gfp::serve::tasks::file_watcher"}
{"timestamp":"2026-10-03T12:49:57.543761Z","level":"INFO","fields":{"message":"apply_changes complete","n_changes":0},"target":"gfp::factory::indexing::incremental","span":{"n_events":1,"name":"apply_changes"},"spans":[{"n_events":1,"name":"apply_changes"}]}
{"timestamp":"2026-10-03T12:49:57.549380Z","level":"WARN","fields":{"message":"unresolved invalidation module","module":"aplot"},"target":"gfp::factory::build"}
{"timestamp":"2026-10-03T12:49:57.549459Z","level":"DEBUG","fields":{"message":"enqueue_all received requests","n":0},"target":"gfp::factory::build"}
{"timestamp":"2026-10-03T12:49:57.553070Z","level":"INFO","fields":{"message":"watcher changed","module":"aplot"},"target":"gfp::serve::tasks::file_watcher"}
{"timestamp":"2026-10-03T12:50:03.752043Z","level":"INFO","fields":{"message":"apply_changes complete","n_changes":0},"target":"gfp::factory::indexing::incremental","span":{"n_events":1,"name":"apply_changes"},"spans":[{"n_events":1,"name":"apply_changes"}]}
{"timestamp":"2026-10-03T12:50:03.756366Z","level":"WARN","fields":{"message":"unresolved invalidation module","module":"aplot"},"target":"gfp::factory::build"}
{"timestamp":"2026-10-03T12:50:03.756403Z","level":"DEBUG","fields":{"message":"enqueue_all received requests","n":0},"target":"gfp::factory::build"}
{"timestamp":"2026-10-03T14:11:38.875130Z","level":"INFO","fields":{"message":"watcher changed","module":"aplot"},"target":"gfp::serve::tasks::file_watcher"}
{"timestamp":"2026-10-03T14:11:38.875937Z","level":"INFO","fields":{"message":"watcher changed","module":"aplot"},"target":"gfp::serve::tasks::file_watcher"}
{"timestamp":"2026-10-03T14:11:38.876021Z","level":"INFO","fields":{"message":"watcher changed","module":"aplot"},"target":"gfp::serve::tasks::file_watcher"}
{"timestamp":"2026-10-03T14:12:05.527829Z","level":"INFO","fields":{"message":"apply_changes complete","n_changes":0},"target":"gfp::factory::indexing::incremental","span":{"n_events":3,"name":"apply_changes"},"spans":[{"n_events":3,"name":"apply_changes"}]}
{"timestamp":"2026-10-03T14:12:05.541694Z","level":"WARN","fields":{"message":"unresolved invalidation module","module":"aplot"},"target":"gfp::factory::build"}
{"timestamp":"2026-10-03T14:12:05.542521Z","level":"DEBUG","fields":{"message":"enqueue_all received requests","n":0},"target":"gfp::factory::build"}
{"timestamp":"2026-10-03T14:12:05.548284Z","level":"INFO","fields":{"message":"watcher changed","module":"aplot"},"target":"gfp::serve::tasks::file_watcher"}
{"timestamp":"2026-10-03T14:12:12.054272Z","level":"INFO","fields":{"message":"apply_changes complete","n_changes":0},"target":"gfp::factory::indexing::incremental","span":{"n_events":1,"name":"apply_changes"},"spans":[{"n_events":1,"name":"apply_changes"}]}
{"timestamp":"2026-10-03T14:12:12.059532Z","level":"WARN","fields":{"message":"unresolved invalidation module","module":"aplot"},"target":"gfp::factory::build"}
{"timestamp":"2026-10-03T14:12:12.059575Z","level":"DEBUG","fields":{"message":"enqueue_all received requests","n":0},"target":"gfp::factory::build"}
{"timestamp":"2026-10-03T14:12:12.061210Z","level":"INFO","fields":{"message":"watcher changed","module":"aplot"},"target":"gfp::serve::tasks::file_watcher"}
{"timestamp":"2026-10-03T14:12:18.368605Z","level":"INFO","fields":{"message":"apply_changes complete","n_changes":0},"target":"gfp::factory::indexing::incremental","span":{"n_events":1,"name":"apply_changes"},"spans":[{"n_events":1,"name":"apply_changes"}]}
{"timestamp":"2026-10-03T14:12:18.373136Z","level":"WARN","fields":{"message":"unresolved invalidation module","module":"aplot"},"target":"gfp::factory::build"}
{"timestamp":"2026-10-03T14:12:18.373182Z","level":"DEBUG","fields":{"message":"enqueue_all received requests","n":0},"target":"gfp::factory::build"}
{"timestamp":"2026-10-03T15:16:29.674841Z","level":"INFO","fields":{"message":"watcher changed","module":"aplot"},"target":"gfp::serve::tasks::file_watcher"}
{"timestamp":"2026-10-03T15:16:29.676072Z","level":"INFO","fields":{"message":"watcher changed","module":"aplot"},"target":"gfp::serve::tasks::file_watcher"}
{"timestamp":"2026-10-03T15:16:49.580625Z","level":"INFO","fields":{"message":"apply_changes complete","n_changes":0},"target":"gfp::factory::indexing::incremental","span":{"n_events":2,"name":"apply_changes"},"spans":[{"n_events":2,"name":"apply_changes"}]}
{"timestamp":"2026-10-03T15:16:49.587483Z","level":"WARN","fields":{"message":"unresolved invalidation module","module":"aplot"},"target":"gfp::factory::build"}
{"timestamp":"2026-10-03T15:16:49.588511Z","level":"DEBUG","fields":{"message":"enqueue_all received requests","n":0},"target":"gfp::factory::build"}
{"timestamp":"2026-10-03T15:16:49.590260Z","level":"INFO","fields":{"message":"watcher changed","module":"aplot"},"target":"gfp::serve::tasks::file_watcher"}
{"timestamp":"2026-10-03T15:16:55.965101Z","level":"INFO","fields":{"message":"apply_changes complete","n_changes":0},"target":"gfp::factory::indexing::incremental","span":{"n_events":1,"name":"apply_changes"},"spans":[{"n_events":1,"name":"apply_changes"}]}
{"timestamp":"2026-10-03T15:16:55.970090Z","level":"WARN","fields":{"message":"unresolved invalidation module","module":"aplot"},"target":"gfp::factory::build"}
{"timestamp":"2026-10-03T15:16:55.970163Z","level":"DEBUG","fields":{"message":"enqueue_all received requests","n":0},"target":"gfp::factory::build"}
{"timestamp":"2026-10-03T15:16:55.971838Z","level":"INFO","fields":{"message":"watcher changed","module":"aplot"},"target":"gfp::serve::tasks::file_watcher"}
{"timestamp":"2026-10-03T15:17:02.748672Z","level":"INFO","fields":{"message":"apply_changes complete","n_changes":0},"target":"gfp::factory::indexing::incremental","span":{"n_events":1,"name":"apply_changes"},"spans":[{"n_events":1,"name":"apply_changes"}]}
{"timestamp":"2026-10-03T15:17:02.753320Z","level":"WARN","fields":{"message":"unresolved invalidation module","module":"aplot"},"target":"gfp::factory::build"}
{"timestamp":"2026-10-03T15:17:02.753402Z","level":"DEBUG","fields":{"message":"enqueue_all received requests","n":0},"target":"gfp::factory::build"}
{"timestamp":"2026-10-03T15:39:35.255372Z","level":"INFO","fields":{"message":"watcher changed","module":"aplot"},"target":"gfp::serve::tasks::file_watcher"}
{"timestamp":"2026-10-03T15:39:35.256039Z","level":"INFO","fields":{"message":"watcher changed","module":"aplot"},"target":"gfp::serve::tasks::file_watcher"}
{"timestamp":"2026-10-03T15:39:35.256090Z","level":"INFO","fields":{"message":"watcher changed","module":"aplot"},"target":"gfp::serve::tasks::file_watcher"}
{"timestamp":"2026-10-03T15:40:04.134907Z","level":"INFO","fields":{"message":"apply_changes complete","n_changes":0},"target":"gfp::factory::indexing::incremental","span":{"n_events":3,"name":"apply_changes"},"spans":[{"n_events":3,"name":"apply_changes"}]}
{"timestamp":"2026-10-03T15:40:04.140112Z","level":"WARN","fields":{"message":"unresolved invalidation module","module":"aplot"},"target":"gfp::factory::build"}
{"timestamp":"2026-10-03T15:40:04.140215Z","level":"DEBUG","fields":{"message":"enqueue_all received requests","n":0},"target":"gfp::factory::build"}
{"timestamp":"2026-10-03T15:40:04.144684Z","level":"INFO","fields":{"message":"watcher changed","module":"aplot"},"target":"gfp::serve::tasks::file_watcher"}
{"timestamp":"2026-10-03T15:40:10.825864Z","level":"INFO","fields":{"message":"apply_changes complete","n_changes":0},"target":"gfp::factory::indexing::incremental","span":{"n_events":1,"name":"apply_changes"},"spans":[{"n_events":1,"name":"apply_changes"}]}
{"timestamp":"2026-10-03T15:40:10.830303Z","level":"WARN","fields":{"message":"unresolved invalidation module","module":"aplot"},"target":"gfp::factory::build"}
{"timestamp":"2026-10-03T15:40:10.830351Z","level":"DEBUG","fields":{"message":"enqueue_all received requests","n":0},"target":"gfp::factory::build"}
{"timestamp":"2026-10-05T05:12:18.051158Z","level":"INFO","fields":{"message":"watcher changed","module":"aplot"},"target":"gfp::serve::tasks::file_watcher"}
{"timestamp":"2026-10-05T05:12:18.054686Z","level":"INFO","fields":{"message":"watcher changed","module":"aplot"},"target":"gfp::serve::tasks::file_watcher"}
{"timestamp":"2026-10-05T05:12:39.114440Z","level":"INFO","fields":{"message":"apply_changes complete","n_changes":0},"target":"gfp::factory::indexing::incremental","span":{"n_events":2,"name":"apply_changes"},"spans":[{"n_events":2,"name":"apply_changes"}]}
{"timestamp":"2026-10-05T05:12:39.121363Z","level":"WARN","fields":{"message":"unresolved invalidation module","module":"aplot"},"target":"gfp::factory::build"}
{"timestamp":"2026-10-05T05:12:39.122514Z","level":"DEBUG","fields":{"message":"enqueue_all received requests","n":0},"target":"gfp::factory::build"}
{"timestamp":"2026-10-05T05:12:39.130117Z","level":"INFO","fields":{"message":"watcher changed","module":"aplot"},"target":"gfp::serve::tasks::file_watcher"}
{"timestamp":"2026-10-05T05:12:47.286456Z","level":"INFO","fields":{"message":"apply_changes complete","n_changes":0},"target":"gfp::factory::indexing::incremental","span":{"n_events":1,"name":"apply_changes"},"spans":[{"n_events":1,"name":"apply_changes"}]}
{"timestamp":"2026-10-05T05:12:47.294951Z","level":"WARN","fields":{"message":"unresolved invalidation module","module":"aplot"},"target":"gfp::factory::build"}
{"timestamp":"2026-10-05T05:12:47.295026Z","level":"DEBUG","fields":{"message":"enqueue_all received requests","n":0},"target":"gfp::factory::build"}
{"timestamp":"2026-10-05T05:12:47.298531Z","level":"INFO","fields":{"message":"watcher changed","module":"aplot"},"target":"gfp::serve::tasks::file_watcher"}
{"timestamp":"2026-10-05T05:12:54.248238Z","level":"INFO","fields":{"message":"apply_changes complete","n_changes":0},"target":"gfp::factory::indexing::incremental","span":{"n_events":1,"name":"apply_changes"},"spans":[{"n_events":1,"name":"apply_changes"}]}
{"timestamp":"2026-10-05T05:12:54.252762Z","level":"WARN","fields":{"message":"unresolved invalidation module","module":"aplot"},"target":"gfp::factory::build"}
{"timestamp":"2026-10-05T05:12:54.252801Z","level":"DEBUG","fields":{"message":"enqueue_all received requests","n":0},"target":"gfp::factory::build"}
{"timestamp":"2026-10-05T05:12:54.254054Z","level":"INFO","fields":{"message":"watcher changed","module":"aplot"},"target":"gfp::serve::tasks::file_watcher"}
{"timestamp":"2026-10-05T05:13:01.122461Z","level":"INFO","fields":{"message":"apply_changes complete","n_changes":0},"target":"gfp::factory::indexing::incremental","span":{"n_events":1,"name":"apply_changes"},"spans":[{"n_events":1,"name":"apply_changes"}]}
{"timestamp":"2026-10-05T05:13:01.127459Z","level":"WARN","fields":{"message":"unresolved invalidation module","module":"aplot"},"target":"gfp::factory::build"}
{"timestamp":"2026-10-05T05:13:01.127508Z","level":"DEBUG","fields":{"message":"enqueue_all received requests","n":0},"target":"gfp::factory::build"}
{"timestamp":"2026-10-05T05:40:01.357824Z","level":"INFO","fields":{"message":"watcher changed","module":"aplot"},"target":"gfp::serve::tasks::file_watcher"}
{"timestamp":"2026-10-05T05:40:01.358051Z","level":"INFO","fields":{"message":"watcher changed","module":"aplot"},"target":"gfp::serve::tasks::file_watcher"}
{"timestamp":"2026-10-05T05:40:01.358107Z","level":"INFO","fields":{"message":"watcher changed","module":"aplot"},"target":"gfp::serve::tasks::file_watcher"}
{"timestamp":"2026-10-05T05:40:29.697812Z","level":"INFO","fields":{"message":"apply_changes complete","n_changes":0},"target":"gfp::factory::indexing::incremental","span":{"n_events":3,"name":"apply_changes"},"spans":[{"n_events":3,"name":"apply_changes"}]}
{"timestamp":"2026-10-05T05:40:29.702563Z","level":"WARN","fields":{"message":"unresolved invalidation module","module":"aplot"},"target":"gfp::factory::build"}
{"timestamp":"2026-10-05T05:40:29.702640Z","level":"DEBUG","fields":{"message":"enqueue_all received requests","n":0},"target":"gfp::factory::build"}
{"timestamp":"2026-10-05T05:40:29.707457Z","level":"INFO","fields":{"message":"watcher changed","module":"aplot"},"target":"gfp::serve::tasks::file_watcher"}
{"timestamp":"2026-10-05T05:40:37.612785Z","level":"INFO","fields":{"message":"apply_changes complete","n_changes":0},"target":"gfp::factory::indexing::incremental","span":{"n_events":1,"name":"apply_changes"},"spans":[{"n_events":1,"name":"apply_changes"}]}
{"timestamp":"2026-10-05T05:40:37.617926Z","level":"WARN","fields":{"message":"unresolved invalidation module","module":"aplot"},"target":"gfp::factory::build"}
{"timestamp":"2026-10-05T05:40:37.618012Z","level":"DEBUG","fields":{"message":"enqueue_all received requests","n":0},"target":"gfp::factory::build"}
